---
source: crates/crane/src/parser.rs
expression: parser.parse()
input_file: crates/crane/src/snapshot_inputs/let_bindings.crane
---
Ok:
  - kind:
      Use:
        prefix:
          segments:
            - ident:
                name: std
                span:
                  start: 4
                  end: 7
            - ident:
                name: int
                span:
                  start: 9
                  end: 12
            - ident:
                name: int_to_string
                span:
                  start: 14
                  end: 27
          span:
            start: 0
            end: 0
        kind: Single
    name:
      name: ""
      span:
        start: 0
        end: 0
  - kind:
      Use:
        prefix:
          segments:
            - ident:
                name: std
                span:
                  start: 32
                  end: 35
            - ident:
                name: io
                span:
                  start: 37
                  end: 39
            - ident:
                name: print
                span:
                  start: 41
                  end: 46
          span:
            start: 0
            end: 0
        kind: Single
    name:
      name: ""
      span:
        start: 0
        end: 0
  - kind:
      Use:
        prefix:
          segments:
            - ident:
                name: std
                span:
                  start: 51
                  end: 54
            - ident:
                name: io
                span:
                  start: 56
                  end: 58
            - ident:
                name: println
                span:
                  start: 60
                  end: 67
          span:
            start: 0
            end: 0
        kind: Single
    name:
      name: ""
      span:
        start: 0
        end: 0
  - kind:
      Fn:
        params: []
        return_ty: ~
        body:
          - kind:
              Local:
                kind:
                  Init:
                    kind:
                      Literal:
                        kind: String
                        value: "\"Arya\""
                    span:
                      start: 100
                      end: 106
                name:
                  name: name
                  span:
                    start: 93
                    end: 97
                ty: ~
                span:
                  start: 93
                  end: 97
            span:
              start: 93
              end: 97
          - kind:
              Local:
                kind:
                  Init:
                    kind:
                      Literal:
                        kind: Integer
                        value: "100"
                    span:
                      start: 122
                      end: 125
                name:
                  name: gold
                  span:
                    start: 115
                    end: 119
                ty: ~
                span:
                  start: 115
                  end: 119
            span:
              start: 115
              end: 119
          - kind:
              Expr:
                kind:
                  Call:
                    fun:
                      kind:
                        Variable:
                          segments:
                            - ident:
                                name: print
                                span:
                                  start: 131
                                  end: 136
                          span:
                            start: 131
                            end: 136
                      span:
                        start: 131
                        end: 136
                    args:
                      - kind:
                          Literal:
                            kind: String
                            value: "\"Hello, \""
                        span:
                          start: 137
                          end: 146
                span:
                  start: 131
                  end: 136
            span:
              start: 131
              end: 136
          - kind:
              Expr:
                kind:
                  Call:
                    fun:
                      kind:
                        Variable:
                          segments:
                            - ident:
                                name: print
                                span:
                                  start: 152
                                  end: 157
                          span:
                            start: 152
                            end: 157
                      span:
                        start: 152
                        end: 157
                    args:
                      - kind:
                          Variable:
                            segments:
                              - ident:
                                  name: name
                                  span:
                                    start: 158
                                    end: 162
                            span:
                              start: 158
                              end: 162
                        span:
                          start: 158
                          end: 162
                span:
                  start: 152
                  end: 157
            span:
              start: 152
              end: 157
          - kind:
              Expr:
                kind:
                  Call:
                    fun:
                      kind:
                        Variable:
                          segments:
                            - ident:
                                name: println
                                span:
                                  start: 168
                                  end: 175
                          span:
                            start: 168
                            end: 175
                      span:
                        start: 168
                        end: 175
                    args:
                      - kind:
                          Literal:
                            kind: String
                            value: "\".\""
                        span:
                          start: 176
                          end: 179
                span:
                  start: 168
                  end: 175
            span:
              start: 168
              end: 175
          - kind:
              Expr:
                kind:
                  Call:
                    fun:
                      kind:
                        Variable:
                          segments:
                            - ident:
                                name: print
                                span:
                                  start: 186
                                  end: 191
                          span:
                            start: 186
                            end: 191
                      span:
                        start: 186
                        end: 191
                    args:
                      - kind:
                          Literal:
                            kind: String
                            value: "\"You currently have \""
                        span:
                          start: 192
                          end: 213
                span:
                  start: 186
                  end: 191
            span:
              start: 186
              end: 191
          - kind:
              Expr:
                kind:
                  Call:
                    fun:
                      kind:
                        Variable:
                          segments:
                            - ident:
                                name: print
                                span:
                                  start: 219
                                  end: 224
                          span:
                            start: 219
                            end: 224
                      span:
                        start: 219
                        end: 224
                    args:
                      - kind:
                          Call:
                            fun:
                              kind:
                                Variable:
                                  segments:
                                    - ident:
                                        name: int_to_string
                                        span:
                                          start: 225
                                          end: 238
                                  span:
                                    start: 225
                                    end: 238
                              span:
                                start: 225
                                end: 238
                            args:
                              - kind:
                                  Variable:
                                    segments:
                                      - ident:
                                          name: gold
                                          span:
                                            start: 239
                                            end: 243
                                    span:
                                      start: 239
                                      end: 243
                                span:
                                  start: 239
                                  end: 243
                        span:
                          start: 225
                          end: 238
                span:
                  start: 219
                  end: 224
            span:
              start: 219
              end: 224
          - kind:
              Expr:
                kind:
                  Call:
                    fun:
                      kind:
                        Variable:
                          segments:
                            - ident:
                                name: println
                                span:
                                  start: 250
                                  end: 257
                          span:
                            start: 250
                            end: 257
                      span:
                        start: 250
                        end: 257
                    args:
                      - kind:
                          Literal:
                            kind: String
                            value: "\" gold at your disposal.\""
                        span:
                          start: 258
                          end: 283
                span:
                  start: 250
                  end: 257
            span:
              start: 250
              end: 257
    name:
      name: main
      span:
        start: 76
        end: 80

