---
source: crates/crane/src/typer.rs
expression: typer.type_check_package(package)
input_file: crates/crane/src/snapshot_inputs/modules.crane
---
Ok:
  modules:
    - items:
        - kind: Use
          name:
            name: ""
            span:
              start: 0
              end: 0
        - kind: Use
          name:
            name: ""
            span:
              start: 0
              end: 0
        - kind: Use
          name:
            name: ""
            span:
              start: 0
              end: 0
        - kind:
            Fn:
              params: []
              return_ty:
                UserDefined:
                  module: "std::prelude"
                  name: ()
              body:
                - kind:
                    Expr:
                      kind:
                        Call:
                          fun:
                            kind:
                              Variable:
                                segments:
                                  - ident:
                                      name: std
                                      span:
                                        start: 4
                                        end: 7
                                  - ident:
                                      name: io
                                      span:
                                        start: 9
                                        end: 11
                                  - ident:
                                      name: print
                                      span:
                                        start: 13
                                        end: 18
                                span:
                                  start: 13
                                  end: 18
                            span:
                              start: 85
                              end: 90
                            ty:
                              Fn:
                                args:
                                  - UserDefined:
                                      module: "std::prelude"
                                      name: String
                                return_ty:
                                  UserDefined:
                                    module: "std::prelude"
                                    name: ()
                          args:
                            - kind:
                                Literal:
                                  kind:
                                    String: "\"Your age is \""
                                  span:
                                    start: 91
                                    end: 105
                              span:
                                start: 91
                                end: 105
                              ty:
                                UserDefined:
                                  module: "std::prelude"
                                  name: String
                      span:
                        start: 85
                        end: 90
                      ty:
                        UserDefined:
                          module: "std::prelude"
                          name: ()
                  span:
                    start: 85
                    end: 90
                - kind:
                    Expr:
                      kind:
                        Call:
                          fun:
                            kind:
                              Variable:
                                segments:
                                  - ident:
                                      name: std
                                      span:
                                        start: 23
                                        end: 26
                                  - ident:
                                      name: io
                                      span:
                                        start: 28
                                        end: 30
                                  - ident:
                                      name: println
                                      span:
                                        start: 32
                                        end: 39
                                span:
                                  start: 32
                                  end: 39
                            span:
                              start: 111
                              end: 118
                            ty:
                              Fn:
                                args:
                                  - UserDefined:
                                      module: "std::prelude"
                                      name: String
                                return_ty:
                                  UserDefined:
                                    module: "std::prelude"
                                    name: ()
                          args:
                            - kind:
                                Call:
                                  fun:
                                    kind:
                                      Variable:
                                        segments:
                                          - ident:
                                              name: std
                                              span:
                                                start: 44
                                                end: 47
                                          - ident:
                                              name: int
                                              span:
                                                start: 49
                                                end: 52
                                          - ident:
                                              name: int_to_string
                                              span:
                                                start: 54
                                                end: 67
                                        span:
                                          start: 54
                                          end: 67
                                    span:
                                      start: 119
                                      end: 132
                                    ty:
                                      Fn:
                                        args:
                                          - UserDefined:
                                              module: "std::prelude"
                                              name: Uint64
                                        return_ty:
                                          UserDefined:
                                            module: "std::prelude"
                                            name: String
                                  args:
                                    - kind:
                                        Call:
                                          fun:
                                            kind:
                                              Variable:
                                                segments:
                                                  - ident:
                                                      name: user
                                                      span:
                                                        start: 133
                                                        end: 137
                                                  - ident:
                                                      name: demographic
                                                      span:
                                                        start: 139
                                                        end: 150
                                                  - ident:
                                                      name: get_age
                                                      span:
                                                        start: 152
                                                        end: 159
                                                span:
                                                  start: 133
                                                  end: 159
                                            span:
                                              start: 133
                                              end: 159
                                            ty:
                                              Fn:
                                                args: []
                                                return_ty:
                                                  UserDefined:
                                                    module: "std::prelude"
                                                    name: Uint64
                                          args: []
                                      span:
                                        start: 133
                                        end: 159
                                      ty:
                                        UserDefined:
                                          module: "std::prelude"
                                          name: Uint64
                              span:
                                start: 119
                                end: 132
                              ty:
                                UserDefined:
                                  module: "std::prelude"
                                  name: String
                      span:
                        start: 111
                        end: 118
                      ty:
                        UserDefined:
                          module: "std::prelude"
                          name: ()
                  span:
                    start: 111
                    end: 118
              path:
                segments:
                  - ident:
                      name: main
                      span:
                        start: 72
                        end: 76
                span:
                  start: 72
                  end: 76
          name:
            name: main
            span:
              start: 72
              end: 76
        - kind:
            Module:
              items:
                - kind:
                    Module:
                      items:
                        - kind:
                            Fn:
                              params: []
                              return_ty:
                                UserDefined:
                                  module: "std::prelude"
                                  name: Uint64
                              body:
                                - kind:
                                    Expr:
                                      kind:
                                        Literal:
                                          kind:
                                            Integer:
                                              Unsigned:
                                                - 28
                                                - Uint64
                                          span:
                                            start: 245
                                            end: 247
                                      span:
                                        start: 245
                                        end: 247
                                      ty:
                                        UserDefined:
                                          module: "std::prelude"
                                          name: Uint64
                                  span:
                                    start: 245
                                    end: 247
                              path:
                                segments:
                                  - ident:
                                      name: user
                                      span:
                                        start: 171
                                        end: 175
                                  - ident:
                                      name: demographic
                                      span:
                                        start: 186
                                        end: 197
                                  - ident:
                                      name: get_age
                                      span:
                                        start: 211
                                        end: 218
                                span:
                                  start: 211
                                  end: 218
                          name:
                            name: get_age
                            span:
                              start: 211
                              end: 218
                  name:
                    name: demographic
                    span:
                      start: 186
                      end: 197
          name:
            name: user
            span:
              start: 171
              end: 175

