---
source: crates/crane/src/typer.rs
expression: typer.type_check_package(package)
input_file: crates/crane/src/snapshot_inputs/function_return_types.crane
---
Ok:
  modules:
    - items:
        - kind: Use
          name:
            name: ""
            span:
              start: 0
              end: 0
        - kind: Use
          name:
            name: ""
            span:
              start: 0
              end: 0
        - kind: Use
          name:
            name: ""
            span:
              start: 0
              end: 0
        - kind:
            Fn:
              params: []
              return_ty:
                UserDefined:
                  module: "std::prelude"
                  name: ()
              body:
                - kind:
                    Expr:
                      kind:
                        Call:
                          fun:
                            kind:
                              Variable:
                                segments:
                                  - ident:
                                      name: std
                                      span:
                                        start: 54
                                        end: 57
                                  - ident:
                                      name: io
                                      span:
                                        start: 59
                                        end: 61
                                  - ident:
                                      name: println
                                      span:
                                        start: 63
                                        end: 70
                                span:
                                  start: 63
                                  end: 70
                            span:
                              start: 88
                              end: 95
                            ty:
                              Fn:
                                args:
                                  - UserDefined:
                                      module: "std::prelude"
                                      name: String
                                return_ty:
                                  UserDefined:
                                    module: "std::prelude"
                                    name: ()
                          args:
                            - kind:
                                Call:
                                  fun:
                                    kind:
                                      Variable:
                                        segments:
                                          - ident:
                                              name: std
                                              span:
                                                start: 26
                                                end: 29
                                          - ident:
                                              name: int
                                              span:
                                                start: 31
                                                end: 34
                                          - ident:
                                              name: int_to_string
                                              span:
                                                start: 36
                                                end: 49
                                        span:
                                          start: 36
                                          end: 49
                                    span:
                                      start: 96
                                      end: 109
                                    ty:
                                      Fn:
                                        args:
                                          - UserDefined:
                                              module: "std::prelude"
                                              name: Uint64
                                        return_ty:
                                          UserDefined:
                                            module: "std::prelude"
                                            name: String
                                  args:
                                    - kind:
                                        Call:
                                          fun:
                                            kind:
                                              Variable:
                                                segments:
                                                  - ident:
                                                      name: add_10
                                                      span:
                                                        start: 110
                                                        end: 116
                                                span:
                                                  start: 110
                                                  end: 116
                                            span:
                                              start: 110
                                              end: 116
                                            ty:
                                              Fn:
                                                args:
                                                  - UserDefined:
                                                      module: "std::prelude"
                                                      name: Uint64
                                                return_ty:
                                                  UserDefined:
                                                    module: "std::prelude"
                                                    name: Uint64
                                          args:
                                            - kind:
                                                Literal:
                                                  kind:
                                                    Integer:
                                                      Unsigned:
                                                        - 5
                                                        - Uint64
                                                  span:
                                                    start: 117
                                                    end: 118
                                              span:
                                                start: 117
                                                end: 118
                                              ty:
                                                UserDefined:
                                                  module: "std::prelude"
                                                  name: Uint64
                                      span:
                                        start: 110
                                        end: 116
                                      ty:
                                        UserDefined:
                                          module: "std::prelude"
                                          name: Uint64
                              span:
                                start: 96
                                end: 109
                              ty:
                                UserDefined:
                                  module: "std::prelude"
                                  name: String
                      span:
                        start: 88
                        end: 95
                      ty:
                        UserDefined:
                          module: "std::prelude"
                          name: ()
                  span:
                    start: 88
                    end: 95
              path:
                segments:
                  - ident:
                      name: main
                      span:
                        start: 75
                        end: 79
                span:
                  start: 75
                  end: 79
          name:
            name: main
            span:
              start: 75
              end: 79
        - kind:
            Fn:
              params:
                - name:
                    name: n
                    span:
                      start: 135
                      end: 136
                  ty:
                    UserDefined:
                      module: "std::prelude"
                      name: Uint64
                  span:
                    start: 135
                    end: 136
              return_ty:
                UserDefined:
                  module: "std::prelude"
                  name: Uint64
              body:
                - kind:
                    Expr:
                      kind:
                        Call:
                          fun:
                            kind:
                              Variable:
                                segments:
                                  - ident:
                                      name: std
                                      span:
                                        start: 4
                                        end: 7
                                  - ident:
                                      name: int
                                      span:
                                        start: 9
                                        end: 12
                                  - ident:
                                      name: int_add
                                      span:
                                        start: 14
                                        end: 21
                                span:
                                  start: 14
                                  end: 21
                            span:
                              start: 162
                              end: 169
                            ty:
                              Fn:
                                args:
                                  - UserDefined:
                                      module: "std::prelude"
                                      name: Uint64
                                  - UserDefined:
                                      module: "std::prelude"
                                      name: Uint64
                                return_ty:
                                  UserDefined:
                                    module: "std::prelude"
                                    name: Uint64
                          args:
                            - kind:
                                Variable:
                                  segments:
                                    - ident:
                                        name: n
                                        span:
                                          start: 170
                                          end: 171
                                  span:
                                    start: 170
                                    end: 171
                              span:
                                start: 170
                                end: 171
                              ty:
                                UserDefined:
                                  module: "std::prelude"
                                  name: Uint64
                            - kind:
                                Literal:
                                  kind:
                                    Integer:
                                      Unsigned:
                                        - 10
                                        - Uint64
                                  span:
                                    start: 173
                                    end: 175
                              span:
                                start: 173
                                end: 175
                              ty:
                                UserDefined:
                                  module: "std::prelude"
                                  name: Uint64
                      span:
                        start: 162
                        end: 169
                      ty:
                        UserDefined:
                          module: "std::prelude"
                          name: Uint64
                  span:
                    start: 162
                    end: 169
              path:
                segments:
                  - ident:
                      name: add_10
                      span:
                        start: 128
                        end: 134
                span:
                  start: 128
                  end: 134
          name:
            name: add_10
            span:
              start: 128
              end: 134

